Defaulting to user installation because normal site-packages is not writeable
Collecting fastapi (from -r requirements.txt (line 1))
  Downloading fastapi-0.136.3-py3-none-any.whl.metadata (27 kB)
Collecting uvicorn (from -r requirements.txt (line 2))
  Downloading uvicorn-0.49.0-py3-none-any.whl.metadata (6.7 kB)
Collecting pytest (from -r requirements.txt (line 3))
  Downloading pytest-9.0.3-py3-none-any.whl.metadata (7.6 kB)
Collecting httpx (from -r requirements.txt (line 4))
  Downloading httpx-0.28.1-py3-none-any.whl.metadata (7.1 kB)
Collecting starlette>=0.46.0 (from fastapi->-r requirements.txt (line 1))
  Downloading starlette-1.2.1-py3-none-any.whl.metadata (6.3 kB)
Collecting pydantic>=2.9.0 (from fastapi->-r requirements.txt (line 1))
  Downloading pydantic-2.13.4-py3-none-any.whl.metadata (109 kB)
     ━━━━━━━━━━━━━━━━━━━━━━━━━━━━━━━━━━━━━━━━ 109.4/109.4 kB 7.6 MB/s eta 0:00:00
Requirement already satisfied: typing-extensions>=4.8.0 in /usr/lib/python3/dist-packages (from fastapi->-r requirements.txt (line 1)) (4.10.0)
Collecting typing-inspection>=0.4.2 (from fastapi->-r requirements.txt (line 1))
  Downloading typing_inspection-0.4.2-py3-none-any.whl.metadata (2.6 kB)
Collecting annotated-doc>=0.0.2 (from fastapi->-r requirements.txt (line 1))
  Downloading annotated_doc-0.0.4-py3-none-any.whl.metadata (6.6 kB)
Requirement already satisfied: click>=7.0 in /usr/lib/python3/dist-packages (from uvicorn->-r requirements.txt (line 2)) (8.1.6)
Collecting h11>=0.8 (from uvicorn->-r requirements.txt (line 2))
  Downloading h11-0.16.0-py3-none-any.whl.metadata (8.3 kB)
Collecting iniconfig>=1.0.1 (from pytest->-r requirements.txt (line 3))
  Downloading iniconfig-2.3.0-py3-none-any.whl.metadata (2.5 kB)
Requirement already satisfied: packaging>=22 in /usr/lib/python3/dist-packages (from pytest->-r requirements.txt (line 3)) (24.0)
Collecting pluggy<2,>=1.5 (from pytest->-r requirements.txt (line 3))
  Downloading pluggy-1.6.0-py3-none-any.whl.metadata (4.8 kB)
Requirement already satisfied: pygments>=2.7.2 in /usr/lib/python3/dist-packages (from pytest->-r requirements.txt (line 3)) (2.17.2)
Collecting anyio (from httpx->-r requirements.txt (line 4))
  Downloading anyio-4.13.0-py3-none-any.whl.metadata (4.5 kB)
Requirement already satisfied: certifi in /usr/lib/python3/dist-packages (from httpx->-r requirements.txt (line 4)) (2023.11.17)
Collecting httpcore==1.* (from httpx->-r requirements.txt (line 4))
  Downloading httpcore-1.0.9-py3-none-any.whl.metadata (21 kB)
Requirement already satisfied: idna in /usr/lib/python3/dist-packages (from httpx->-r requirements.txt (line 4)) (3.6)
Collecting annotated-types>=0.6.0 (from pydantic>=2.9.0->fastapi->-r requirements.txt (line 1))
  Downloading annotated_types-0.7.0-py3-none-any.whl.metadata (15 kB)
Collecting pydantic-core==2.46.4 (from pydantic>=2.9.0->fastapi->-r requirements.txt (line 1))
  Downloading pydantic_core-2.46.4-cp312-cp312-manylinux_2_17_x86_64.manylinux2014_x86_64.whl.metadata (6.6 kB)
Collecting typing-extensions>=4.8.0 (from fastapi->-r requirements.txt (line 1))
  Downloading typing_extensions-4.15.0-py3-none-any.whl.metadata (3.3 kB)
Downloading fastapi-0.136.3-py3-none-any.whl (117 kB)
   ━━━━━━━━━━━━━━━━━━━━━━━━━━━━━━━━━━━━━━━━ 117.5/117.5 kB 38.9 MB/s eta 0:00:00
Downloading uvicorn-0.49.0-py3-none-any.whl (71 kB)
   ━━━━━━━━━━━━━━━━━━━━━━━━━━━━━━━━━━━━━━━━ 71.4/71.4 kB 27.1 MB/s eta 0:00:00
Downloading pytest-9.0.3-py3-none-any.whl (375 kB)
   ━━━━━━━━━━━━━━━━━━━━━━━━━━━━━━━━━━━━━━━━ 375.2/375.2 kB 24.9 MB/s eta 0:00:00
Downloading httpx-0.28.1-py3-none-any.whl (73 kB)
   ━━━━━━━━━━━━━━━━━━━━━━━━━━━━━━━━━━━━━━━━ 73.5/73.5 kB 24.5 MB/s eta 0:00:00
Downloading httpcore-1.0.9-py3-none-any.whl (78 kB)
   ━━━━━━━━━━━━━━━━━━━━━━━━━━━━━━━━━━━━━━━━ 78.8/78.8 kB 29.3 MB/s eta 0:00:00
Downloading annotated_doc-0.0.4-py3-none-any.whl (5.3 kB)
Downloading h11-0.16.0-py3-none-any.whl (37 kB)
Downloading iniconfig-2.3.0-py3-none-any.whl (7.5 kB)
Downloading pluggy-1.6.0-py3-none-any.whl (20 kB)
Downloading pydantic-2.13.4-py3-none-any.whl (472 kB)
   ━━━━━━━━━━━━━━━━━━━━━━━━━━━━━━━━━━━━━━━━ 472.3/472.3 kB 40.6 MB/s eta 0:00:00
Downloading pydantic_core-2.46.4-cp312-cp312-manylinux_2_17_x86_64.manylinux2014_x86_64.whl (2.1 MB)
   ━━━━━━━━━━━━━━━━━━━━━━━━━━━━━━━━━━━━━━━━ 2.1/2.1 MB 75.0 MB/s eta 0:00:00
Downloading starlette-1.2.1-py3-none-any.whl (73 kB)
   ━━━━━━━━━━━━━━━━━━━━━━━━━━━━━━━━━━━━━━━━ 73.3/73.3 kB 26.7 MB/s eta 0:00:00
Downloading anyio-4.13.0-py3-none-any.whl (114 kB)
   ━━━━━━━━━━━━━━━━━━━━━━━━━━━━━━━━━━━━━━━━ 114.4/114.4 kB 39.2 MB/s eta 0:00:00
Downloading typing_extensions-4.15.0-py3-none-any.whl (44 kB)
   ━━━━━━━━━━━━━━━━━━━━━━━━━━━━━━━━━━━━━━━━ 44.6/44.6 kB 16.0 MB/s eta 0:00:00
Downloading typing_inspection-0.4.2-py3-none-any.whl (14 kB)
Downloading annotated_types-0.7.0-py3-none-any.whl (13 kB)
Installing collected packages: typing-extensions, pluggy, iniconfig, h11, annotated-types, annotated-doc, uvicorn, typing-inspection, pytest, pydantic-core, httpcore, anyio, starlette, pydantic, httpx, fastapi
Successfully installed annotated-doc-0.0.4 annotated-types-0.7.0 anyio-4.13.0 fastapi-0.136.3 h11-0.16.0 httpcore-1.0.9 httpx-0.28.1 iniconfig-2.3.0 pluggy-1.6.0 pydantic-2.13.4 pydantic-core-2.46.4 pytest-9.0.3 starlette-1.2.1 typing-extensions-4.15.0 typing-inspection-0.4.2 uvicorn-0.49.0
